BL51 BANKED LINKER/LOCATER V6.22                                                        08/29/2019  10:18:55  PAGE 1


BL51 BANKED LINKER/LOCATER V6.22, INVOKED BY:
D:\KEIL_V5\C51\BIN\BL51.EXE ..\OBJ\main.obj, ..\OBJ\gui.obj, ..\OBJ\test.obj, ..\OBJ\sys.obj, ..\OBJ\oled.obj, ..\OBJ\sp
>> i.obj TO ..\OBJ\TEST_OLED PRINT (.\TEST_OLED.m51) RAMSIZE (256)


MEMORY MODEL: SMALL


INPUT MODULES INCLUDED:
  ..\OBJ\main.obj (MAIN)
  ..\OBJ\gui.obj (GUI)
  ..\OBJ\test.obj (TEST)
  ..\OBJ\sys.obj (SYS)
  ..\OBJ\oled.obj (OLED)
  ..\OBJ\spi.obj (SPI)
  D:\KEIL_V5\C51\LIB\C51S.LIB (?C_STARTUP)
  D:\KEIL_V5\C51\LIB\C51S.LIB (?C?CLDPTR)
  D:\KEIL_V5\C51\LIB\C51S.LIB (?C?CLDOPTR)
  D:\KEIL_V5\C51\LIB\C51S.LIB (?C?LMUL)
  D:\KEIL_V5\C51\LIB\C51S.LIB (?C?ULDIV)
  D:\KEIL_V5\C51\LIB\C51S.LIB (?C?OFFXADD)


LINK MAP OF MODULE:  ..\OBJ\TEST_OLED (MAIN)


            TYPE    BASE      LENGTH    RELOCATION   SEGMENT NAME
            -----------------------------------------------------

            * * * * * * *   D A T A   M E M O R Y   * * * * * * *
            REG     0000H     0008H     ABSOLUTE     "REG BANK 0"
            DATA    0008H     0016H     UNIT         _DATA_GROUP_
            IDATA   001EH     0001H     UNIT         ?STACK

            * * * * * * *   C O D E   M E M O R Y   * * * * * * *
            CODE    0000H     0003H     ABSOLUTE     
            CODE    0003H     0F12H     UNIT         ?CO?GUI
            CODE    0F15H     0D26H     UNIT         ?CO?TEST
            CODE    1C3BH     016FH     UNIT         ?C?LIB_CODE
            CODE    1DAAH     0105H     UNIT         ?PR?_GUI_SHOWCHAR?GUI
            CODE    1EAFH     00F8H     UNIT         ?PR?_GUI_SHOWFONT16?GUI
            CODE    1FA7H     00F8H     UNIT         ?PR?_GUI_SHOWFONT24?GUI
            CODE    209FH     00F8H     UNIT         ?PR?_GUI_SHOWFONT32?GUI
            CODE    2197H     00E2H     UNIT         ?PR?OLED_INIT?OLED
            CODE    2279H     009FH     UNIT         ?PR?_GUI_SHOWNUM?GUI
            CODE    2318H     009FH     UNIT         ?PR?TEST_CHINESE?TEST
            CODE    23B7H     0085H     UNIT         ?PR?_GUI_DRAWBMP?GUI
            CODE    243CH     0083H     UNIT         ?PR?TEST_NUMBER_CHARACTER?TEST
            CODE    24BFH     007DH     UNIT         ?PR?_GUI_SHOWCHINESE?GUI
            CODE    253CH     0063H     UNIT         ?PR?_GUI_SHOWSTRING?GUI
            CODE    259FH     005AH     UNIT         ?PR?TEST_MAINPAGE?TEST
            CODE    25F9H     005AH     UNIT         ?PR?TEST_BMP?TEST
            CODE    2653H     0058H     UNIT         ?PR?TEST_ENGLISH?TEST
            CODE    26ABH     0051H     UNIT         ?PR?_GUI_FILL?GUI
            CODE    26FCH     0049H     UNIT         ?PR?_OLED_CLEAR?OLED
            CODE    2745H     0041H     UNIT         ?PR?MAIN?MAIN
            CODE    2786H     003CH     UNIT         ?PR?TEST_COLOR?TEST
            CODE    27C2H     003AH     UNIT         ?PR?_SPI_WRITEBYTE?SPI
BL51 BANKED LINKER/LOCATER V6.22                                                      08/29/2019  10:18:55  PAGE 2


            CODE    27FCH     0039H     UNIT         ?PR?_MYPOW?GUI
            CODE    2835H     002EH     UNIT         ?PR?_OLED_SET_POS?OLED
            CODE    2863H     0017H     UNIT         ?PR?_DELAY_MS?SYS
            CODE    287AH     0015H     UNIT         ?PR?OLED_RESET?OLED
            CODE    288FH     000EH     UNIT         ?PR?_OLED_WR_BYTE?OLED
            CODE    289DH     000CH     UNIT         ?C_C51STARTUP
            CODE    28A9H     0004H     UNIT         ?PR?SPI_INIT?SPI



OVERLAY MAP OF MODULE:   ..\OBJ\TEST_OLED (MAIN)


SEGMENT                                  DATA_GROUP 
  +--> CALLED SEGMENT                  START    LENGTH
------------------------------------------------------
?C_C51STARTUP                          -----    -----
  +--> ?PR?MAIN?MAIN

?PR?MAIN?MAIN                          -----    -----
  +--> ?PR?OLED_INIT?OLED
  +--> ?PR?_OLED_CLEAR?OLED
  +--> ?PR?TEST_MAINPAGE?TEST
  +--> ?PR?TEST_COLOR?TEST
  +--> ?PR?TEST_ENGLISH?TEST
  +--> ?PR?TEST_NUMBER_CHARACTER?TEST
  +--> ?PR?TEST_CHINESE?TEST
  +--> ?PR?TEST_BMP?TEST

?PR?OLED_INIT?OLED                     -----    -----
  +--> ?PR?SPI_INIT?SPI
  +--> ?PR?_DELAY_MS?SYS
  +--> ?PR?OLED_RESET?OLED
  +--> ?PR?_OLED_WR_BYTE?OLED

?PR?OLED_RESET?OLED                    -----    -----
  +--> ?PR?_DELAY_MS?SYS

?PR?_OLED_WR_BYTE?OLED                 -----    -----
  +--> ?PR?_SPI_WRITEBYTE?SPI

?PR?_OLED_CLEAR?OLED                   0008H    0003H
  +--> ?PR?_OLED_WR_BYTE?OLED

?PR?TEST_MAINPAGE?TEST                 -----    -----
  +--> ?CO?TEST
  +--> ?PR?_GUI_SHOWSTRING?GUI
  +--> ?PR?_DELAY_MS?SYS

?PR?_GUI_SHOWSTRING?GUI                0008H    0009H
  +--> ?PR?_GUI_SHOWCHAR?GUI

?PR?_GUI_SHOWCHAR?GUI                  0015H    0008H
  +--> ?PR?_OLED_SET_POS?OLED
  +--> ?CO?GUI
  +--> ?PR?_OLED_WR_BYTE?OLED

BL51 BANKED LINKER/LOCATER V6.22                                                      08/29/2019  10:18:55  PAGE 3


?PR?_OLED_SET_POS?OLED                 001DH    0001H
  +--> ?PR?_OLED_WR_BYTE?OLED

?PR?TEST_COLOR?TEST                    -----    -----
  +--> ?PR?_GUI_FILL?GUI
  +--> ?CO?TEST
  +--> ?PR?_GUI_SHOWSTRING?GUI
  +--> ?PR?_DELAY_MS?SYS

?PR?_GUI_FILL?GUI                      0008H    000AH
  +--> ?PR?_OLED_SET_POS?OLED
  +--> ?PR?_OLED_WR_BYTE?OLED

?PR?TEST_ENGLISH?TEST                  -----    -----
  +--> ?CO?TEST
  +--> ?PR?_GUI_SHOWSTRING?GUI
  +--> ?PR?_DELAY_MS?SYS

?PR?TEST_NUMBER_CHARACTER?TEST         -----    -----
  +--> ?PR?_GUI_FILL?GUI
  +--> ?CO?TEST
  +--> ?PR?_GUI_SHOWSTRING?GUI
  +--> ?PR?_GUI_SHOWNUM?GUI
  +--> ?PR?_DELAY_MS?SYS
  +--> ?PR?_OLED_CLEAR?OLED

?PR?_GUI_SHOWNUM?GUI                   0008H    000DH
  +--> ?PR?_MYPOW?GUI
  +--> ?PR?_GUI_SHOWCHAR?GUI

?PR?_MYPOW?GUI                         0015H    0006H

?PR?TEST_CHINESE?TEST                  -----    -----
  +--> ?CO?TEST
  +--> ?PR?_GUI_SHOWSTRING?GUI
  +--> ?PR?_GUI_SHOWCHINESE?GUI
  +--> ?PR?_DELAY_MS?SYS
  +--> ?PR?_OLED_CLEAR?OLED

?PR?_GUI_SHOWCHINESE?GUI               0008H    0007H
  +--> ?PR?_GUI_SHOWFONT16?GUI
  +--> ?PR?_GUI_SHOWFONT24?GUI
  +--> ?PR?_GUI_SHOWFONT32?GUI

?PR?_GUI_SHOWFONT16?GUI                000FH    000CH
  +--> ?CO?GUI
  +--> ?PR?_OLED_SET_POS?OLED
  +--> ?PR?_OLED_WR_BYTE?OLED

?PR?_GUI_SHOWFONT24?GUI                000FH    000CH
  +--> ?CO?GUI
  +--> ?PR?_OLED_SET_POS?OLED
  +--> ?PR?_OLED_WR_BYTE?OLED

?PR?_GUI_SHOWFONT32?GUI                000FH    000CH
  +--> ?CO?GUI
  +--> ?PR?_OLED_SET_POS?OLED
BL51 BANKED LINKER/LOCATER V6.22                                                      08/29/2019  10:18:55  PAGE 4


  +--> ?PR?_OLED_WR_BYTE?OLED

?PR?TEST_BMP?TEST                      -----    -----
  +--> ?CO?TEST
  +--> ?PR?_GUI_DRAWBMP?GUI
  +--> ?PR?_DELAY_MS?SYS

?PR?_GUI_DRAWBMP?GUI                   0008H    000BH
  +--> ?PR?_OLED_SET_POS?OLED
  +--> ?PR?_OLED_WR_BYTE?OLED



SYMBOL TABLE OF MODULE:  ..\OBJ\TEST_OLED (MAIN)

  VALUE           TYPE          NAME
  ----------------------------------

  -------         MODULE        MAIN
  C:0000H         SYMBOL        _ICE_DUMMY_
  D:0090H         PUBLIC        P1
  D:00B0H         PUBLIC        P3
  C:2745H         PUBLIC        main
  -------         PROC          MAIN
  C:2745H         LINE#         53
  C:2745H         LINE#         54
  C:2745H         LINE#         55
  C:2748H         LINE#         56
  C:274EH         LINE#         57
  C:274EH         LINE#         58
  C:274EH         LINE#         59
  C:2751H         LINE#         60
  C:2757H         LINE#         61
  C:275AH         LINE#         62
  C:2760H         LINE#         63
  C:2763H         LINE#         64
  C:2769H         LINE#         65
  C:276CH         LINE#         66
  C:2772H         LINE#         67
  C:2775H         LINE#         68
  C:277BH         LINE#         69
  C:277EH         LINE#         70
  C:2784H         LINE#         71
  -------         ENDPROC       MAIN
  -------         ENDMOD        MAIN

  -------         MODULE        GUI
  C:0000H         SYMBOL        _ICE_DUMMY_
  D:0090H         PUBLIC        P1
  C:0C09H         PUBLIC        cfont32
  D:00B0H         PUBLIC        P3
  C:0A4DH         PUBLIC        cfont24
  C:082DH         PUBLIC        cfont16
  C:24BFH         PUBLIC        _GUI_ShowCHinese
  C:2279H         PUBLIC        _GUI_ShowNum
  C:0003H         PUBLIC        F6x8
  C:23B7H         PUBLIC        _GUI_DrawBMP
BL51 BANKED LINKER/LOCATER V6.22                                                      08/29/2019  10:18:55  PAGE 5


  C:023DH         PUBLIC        F8X16
  C:27FCH         SYMBOL        _mypow
  C:26ABH         PUBLIC        _GUI_Fill
  C:253CH         PUBLIC        _GUI_ShowString
  C:209FH         PUBLIC        _GUI_ShowFont32
  C:1FA7H         PUBLIC        _GUI_ShowFont24
  C:1DAAH         PUBLIC        _GUI_ShowChar
  C:1EAFH         PUBLIC        _GUI_ShowFont16
  -------         PROC          _GUI_FILL
  D:0008H         SYMBOL        sx
  D:0009H         SYMBOL        sy
  D:0003H         SYMBOL        ex
  D:000BH         SYMBOL        ey
  D:000CH         SYMBOL        color
  -------         DO            
  D:000DH         SYMBOL        i
  D:000EH         SYMBOL        j
  D:000FH         SYMBOL        dat
  D:0010H         SYMBOL        width
  D:0011H         SYMBOL        height
  -------         ENDDO         
  C:26ABH         LINE#         67
  C:26AFH         LINE#         68
  C:26AFH         LINE#         70
  C:26B6H         LINE#         71
  C:26BEH         LINE#         72
  C:26C2H         LINE#         73
  C:26C2H         LINE#         74
  C:26C5H         LINE#         75
  C:26C7H         LINE#         77
  C:26C7H         LINE#         78
  C:26CAH         LINE#         79
  C:26CAH         LINE#         80
  C:26D4H         LINE#         81
  C:26D4H         LINE#         82
  C:26DEH         LINE#         83
  C:26E8H         LINE#         84
  C:26E8H         LINE#         85
  C:26F3H         LINE#         86
  C:26F7H         LINE#         87
  C:26FBH         LINE#         88
  -------         ENDPROC       _GUI_FILL
  -------         PROC          _GUI_SHOWCHAR
  D:0015H         SYMBOL        x
  D:0016H         SYMBOL        y
  D:0003H         SYMBOL        chr
  D:0018H         SYMBOL        Char_Size
  D:0019H         SYMBOL        mode
  -------         DO            
  D:001AH         SYMBOL        c
  D:001BH         SYMBOL        i
  D:001CH         SYMBOL        j
  -------         ENDDO         
  C:1DAAH         LINE#         103
  C:1DAEH         LINE#         104
  C:1DAEH         LINE#         105
  C:1DB5H         LINE#         106
BL51 BANKED LINKER/LOCATER V6.22                                                      08/29/2019  10:18:55  PAGE 6


  C:1DBAH         LINE#         107
  C:1DC1H         LINE#         108
  C:1DC1H         LINE#         109
  C:1DC4H         LINE#         110
  C:1DC8H         LINE#         111
  C:1DC8H         LINE#         112
  C:1DD1H         LINE#         113
  C:1DD1H         LINE#         114
  C:1DD3H         LINE#         115
  C:1DD3H         LINE#         116
  C:1DDDH         LINE#         117
  C:1DE0H         LINE#         118
  C:1DE0H         LINE#         119
  C:1DE7H         LINE#         120
  C:1DE7H         LINE#         121
  C:1E0CH         LINE#         122
  C:1E0EH         LINE#         124
  C:1E0EH         LINE#         125
  C:1E3CH         LINE#         126
  C:1E3CH         LINE#         127
  C:1E45H         LINE#         128
  C:1E4FH         LINE#         129
  C:1E4FH         LINE#         131
  C:1E4FH         LINE#         132
  C:1E56H         LINE#         133
  C:1E59H         LINE#         134
  C:1E59H         LINE#         135
  C:1E60H         LINE#         136
  C:1E60H         LINE#         137
  C:1E7DH         LINE#         138
  C:1E7FH         LINE#         140
  C:1E7FH         LINE#         141
  C:1EA5H         LINE#         142
  C:1EA5H         LINE#         143
  C:1EAEH         LINE#         144
  C:1EAEH         LINE#         145
  -------         ENDPROC       _GUI_SHOWCHAR
  -------         PROC          _GUI_SHOWSTRING
  D:0008H         SYMBOL        x
  D:0009H         SYMBOL        y
  D:000AH         SYMBOL        chr
  D:000DH         SYMBOL        Char_Size
  D:000EH         SYMBOL        mode
  -------         DO            
  D:000FH         SYMBOL        j
  D:0010H         SYMBOL        csize
  -------         ENDDO         
  C:253CH         LINE#         160
  C:2546H         LINE#         161
  C:2546H         LINE#         162
  C:2549H         LINE#         163
  C:254EH         LINE#         164
  C:254EH         LINE#         165
  C:2552H         LINE#         166
  C:2554H         LINE#         167
  C:255AH         LINE#         168
  C:255AH         LINE#         169
BL51 BANKED LINKER/LOCATER V6.22                                                      08/29/2019  10:18:55  PAGE 7


  C:2562H         LINE#         170
  C:2562H         LINE#         172
  C:2562H         LINE#         174
  C:2562H         LINE#         175
  C:2574H         LINE#         176
  C:2574H         LINE#         177
  C:2581H         LINE#         178
  C:2587H         LINE#         179
  C:258CH         LINE#         180
  C:258CH         LINE#         181
  C:258FH         LINE#         182
  C:259AH         LINE#         183
  C:259AH         LINE#         184
  C:259CH         LINE#         185
  C:259EH         LINE#         186
  -------         ENDPROC       _GUI_SHOWSTRING
  -------         PROC          _MYPOW
  D:0015H         SYMBOL        m
  D:0016H         SYMBOL        n
  -------         DO            
  D:0017H         SYMBOL        result
  -------         ENDDO         
  C:27FCH         LINE#         196
  C:2800H         LINE#         197
  C:2800H         LINE#         198
  C:280AH         LINE#         199
  C:282CH         LINE#         200
  C:2834H         LINE#         201
  -------         ENDPROC       _MYPOW
  -------         PROC          _GUI_SHOWNUM
  D:0008H         SYMBOL        x
  D:0009H         SYMBOL        y
  D:000AH         SYMBOL        num
  D:000EH         SYMBOL        len
  D:000FH         SYMBOL        Size
  D:0010H         SYMBOL        mode
  -------         DO            
  D:0011H         SYMBOL        t
  D:0012H         SYMBOL        temp
  D:0013H         SYMBOL        enshow
  D:0014H         SYMBOL        csize
  -------         ENDDO         
  C:2279H         LINE#         217
  C:227DH         LINE#         218
  C:227DH         LINE#         220
  C:2280H         LINE#         221
  C:2285H         LINE#         222
  C:2285H         LINE#         223
  C:2289H         LINE#         224
  C:228BH         LINE#         225
  C:2294H         LINE#         226
  C:2294H         LINE#         227
  C:229CH         LINE#         228
  C:229CH         LINE#         230
  C:229CH         LINE#         232
  C:229CH         LINE#         233
  C:22A6H         LINE#         234
BL51 BANKED LINKER/LOCATER V6.22                                                      08/29/2019  10:18:55  PAGE 8


  C:22A6H         LINE#         235
  C:22D2H         LINE#         236
  C:22E0H         LINE#         237
  C:22E0H         LINE#         238
  C:22E4H         LINE#         239
  C:22E4H         LINE#         240
  C:22F5H         LINE#         241
  C:22F7H         LINE#         242
  C:22F7H         LINE#         244
  C:22F7H         LINE#         245
  C:22FAH         LINE#         246
  C:22FAH         LINE#         247
  C:22FAH         LINE#         248
  C:2313H         LINE#         249
  C:2317H         LINE#         250
  -------         ENDPROC       _GUI_SHOWNUM
  -------         PROC          _GUI_SHOWFONT16
  D:000FH         SYMBOL        x
  D:0010H         SYMBOL        y
  D:0011H         SYMBOL        s
  D:0014H         SYMBOL        mode
  -------         DO            
  D:0015H         SYMBOL        i
  D:0016H         SYMBOL        j
  D:0017H         SYMBOL        k
  D:0018H         SYMBOL        tmp
  D:0019H         SYMBOL        num
  -------         ENDDO         
  C:1EAFH         LINE#         264
  C:1EB9H         LINE#         265
  C:1EB9H         LINE#         268
  C:1EBFH         LINE#         269
  C:1ECFH         LINE#         270
  C:1ECFH         LINE#         271
  C:1F10H         LINE#         272
  C:1F10H         LINE#         273
  C:1F12H         LINE#         274
  C:1F12H         LINE#         275
  C:1F1CH         LINE#         276
  C:1F1FH         LINE#         277
  C:1F1FH         LINE#         278
  C:1F23H         LINE#         279
  C:1F23H         LINE#         280
  C:1F50H         LINE#         281
  C:1F52H         LINE#         283
  C:1F52H         LINE#         284
  C:1F80H         LINE#         285
  C:1F80H         LINE#         286
  C:1F8BH         LINE#         287
  C:1F94H         LINE#         288
  C:1FA1H         LINE#         289
  C:1FA1H         LINE#         290
  C:1FA1H         LINE#         291
  C:1FA6H         LINE#         292
  -------         ENDPROC       _GUI_SHOWFONT16
  -------         PROC          _GUI_SHOWFONT24
  D:000FH         SYMBOL        x
BL51 BANKED LINKER/LOCATER V6.22                                                      08/29/2019  10:18:55  PAGE 9


  D:0010H         SYMBOL        y
  D:0011H         SYMBOL        s
  D:0014H         SYMBOL        mode
  -------         DO            
  D:0015H         SYMBOL        i
  D:0016H         SYMBOL        j
  D:0017H         SYMBOL        k
  D:0018H         SYMBOL        tmp
  D:0019H         SYMBOL        num
  -------         ENDDO         
  C:1FA7H         LINE#         306
  C:1FB1H         LINE#         307
  C:1FB1H         LINE#         310
  C:1FB7H         LINE#         311
  C:1FC7H         LINE#         312
  C:1FC7H         LINE#         313
  C:2008H         LINE#         314
  C:2008H         LINE#         315
  C:200AH         LINE#         316
  C:200AH         LINE#         317
  C:2014H         LINE#         318
  C:2017H         LINE#         319
  C:2017H         LINE#         320
  C:201BH         LINE#         321
  C:201BH         LINE#         322
  C:2048H         LINE#         323
  C:204AH         LINE#         325
  C:204AH         LINE#         326
  C:2078H         LINE#         327
  C:2078H         LINE#         328
  C:2083H         LINE#         329
  C:208CH         LINE#         330
  C:2099H         LINE#         331
  C:2099H         LINE#         332
  C:2099H         LINE#         333
  C:209EH         LINE#         334
  -------         ENDPROC       _GUI_SHOWFONT24
  -------         PROC          _GUI_SHOWFONT32
  D:000FH         SYMBOL        x
  D:0010H         SYMBOL        y
  D:0011H         SYMBOL        s
  D:0014H         SYMBOL        mode
  -------         DO            
  D:0015H         SYMBOL        i
  D:0016H         SYMBOL        j
  D:0017H         SYMBOL        k
  D:0018H         SYMBOL        tmp
  D:0019H         SYMBOL        num
  -------         ENDDO         
  C:209FH         LINE#         348
  C:20A9H         LINE#         349
  C:20A9H         LINE#         352
  C:20AFH         LINE#         353
  C:20BFH         LINE#         354
  C:20BFH         LINE#         355
  C:2100H         LINE#         356
  C:2100H         LINE#         357
BL51 BANKED LINKER/LOCATER V6.22                                                      08/29/2019  10:18:55  PAGE 10


  C:2102H         LINE#         358
  C:2102H         LINE#         359
  C:210CH         LINE#         360
  C:210FH         LINE#         361
  C:210FH         LINE#         362
  C:2113H         LINE#         363
  C:2113H         LINE#         364
  C:2140H         LINE#         365
  C:2142H         LINE#         367
  C:2142H         LINE#         368
  C:2170H         LINE#         369
  C:2170H         LINE#         370
  C:217BH         LINE#         371
  C:2184H         LINE#         372
  C:2191H         LINE#         373
  C:2191H         LINE#         374
  C:2191H         LINE#         375
  C:2196H         LINE#         376
  -------         ENDPROC       _GUI_SHOWFONT32
  -------         PROC          _GUI_SHOWCHINESE
  D:0008H         SYMBOL        x
  D:0009H         SYMBOL        y
  D:000AH         SYMBOL        hsize
  D:000BH         SYMBOL        str
  D:000EH         SYMBOL        mode
  C:24BFH         LINE#         391
  C:24C5H         LINE#         392
  C:24C5H         LINE#         393
  C:24D0H         LINE#         394
  C:24D0H         LINE#         395
  C:24D5H         LINE#         396
  C:24D5H         LINE#         397
  C:24DFH         LINE#         398
  C:24E1H         LINE#         399
  C:24E6H         LINE#         400
  C:24E6H         LINE#         401
  C:24F6H         LINE#         402
  C:24F8H         LINE#         403
  C:24FEH         LINE#         404
  C:24FEH         LINE#         405
  C:250EH         LINE#         406
  C:250EH         LINE#         408
  C:250EH         LINE#         410
  C:250EH         LINE#         411
  C:2514H         LINE#         412
  C:2520H         LINE#         413
  C:2520H         LINE#         414
  C:2523H         LINE#         415
  C:252EH         LINE#         416
  C:252EH         LINE#         417
  C:2539H         LINE#         418
  C:253BH         LINE#         419
  -------         ENDPROC       _GUI_SHOWCHINESE
  -------         PROC          _GUI_DRAWBMP
  D:0008H         SYMBOL        x
  D:0009H         SYMBOL        y
  D:000AH         SYMBOL        width
BL51 BANKED LINKER/LOCATER V6.22                                                      08/29/2019  10:18:55  PAGE 11


  D:000BH         SYMBOL        height
  D:000CH         SYMBOL        BMP
  D:000FH         SYMBOL        mode
  -------         DO            
  D:0010H         SYMBOL        i
  D:0011H         SYMBOL        j
  D:0012H         SYMBOL        tmp
  -------         ENDDO         
  C:23B7H         LINE#         435
  C:23BDH         LINE#         436
  C:23BDH         LINE#         439
  C:23D9H         LINE#         440
  C:23D9H         LINE#         441
  C:23E3H         LINE#         442
  C:23EDH         LINE#         443
  C:23EDH         LINE#         444
  C:23F1H         LINE#         445
  C:23F1H         LINE#         446
  C:240BH         LINE#         447
  C:240DH         LINE#         449
  C:240DH         LINE#         450
  C:2428H         LINE#         451
  C:2428H         LINE#         452
  C:2433H         LINE#         453
  C:2437H         LINE#         454
  C:243BH         LINE#         455
  -------         ENDPROC       _GUI_DRAWBMP
  -------         ENDMOD        GUI

  -------         MODULE        TEST
  C:0000H         SYMBOL        _ICE_DUMMY_
  D:0090H         PUBLIC        P1
  C:25F9H         PUBLIC        TEST_BMP
  C:243CH         PUBLIC        TEST_Number_Character
  D:00B0H         PUBLIC        P3
  C:2786H         PUBLIC        Test_Color
  C:103BH         PUBLIC        BMP2
  C:143BH         PUBLIC        BMP3
  C:183BH         PUBLIC        BMP4
  C:259FH         PUBLIC        TEST_MainPage
  C:2318H         PUBLIC        TEST_Chinese
  C:2653H         PUBLIC        TEST_English
  -------         PROC          TEST_MAINPAGE
  C:259FH         LINE#         62
  C:259FH         LINE#         63
  C:259FH         LINE#         64
  C:25B2H         LINE#         65
  C:25C5H         LINE#         66
  C:25D8H         LINE#         67
  C:25EBH         LINE#         68
  C:25F2H         LINE#         69
  -------         ENDPROC       TEST_MAINPAGE
  -------         PROC          TEST_COLOR
  C:2786H         LINE#         79
  C:2786H         LINE#         80
  C:2786H         LINE#         81
  C:2793H         LINE#         82
BL51 BANKED LINKER/LOCATER V6.22                                                      08/29/2019  10:18:55  PAGE 12


  C:27A6H         LINE#         83
  C:27ADH         LINE#         84
  C:27BBH         LINE#         85
  -------         ENDPROC       TEST_COLOR
  -------         PROC          TEST_ENGLISH
  C:2653H         LINE#         95
  C:2653H         LINE#         96
  C:2653H         LINE#         97
  C:2665H         LINE#         98
  C:2678H         LINE#         99
  C:267FH         LINE#         100
  C:2691H         LINE#         101
  C:26A4H         LINE#         102
  -------         ENDPROC       TEST_ENGLISH
  -------         PROC          TEST_NUMBER_CHARACTER
  C:243CH         LINE#         112
  C:243CH         LINE#         113
  C:243CH         LINE#         114
  C:2449H         LINE#         115
  C:245BH         LINE#         116
  C:2477H         LINE#         117
  C:247EH         LINE#         118
  C:2484H         LINE#         119
  C:2496H         LINE#         120
  C:24B2H         LINE#         121
  C:24B9H         LINE#         122
  -------         ENDPROC       TEST_NUMBER_CHARACTER
  -------         PROC          TEST_CHINESE
  C:2318H         LINE#         132
  C:2318H         LINE#         133
  C:2318H         LINE#         134
  C:232BH         LINE#         135
  C:2340H         LINE#         136
  C:2347H         LINE#         137
  C:234DH         LINE#         138
  C:2360H         LINE#         139
  C:2375H         LINE#         140
  C:237CH         LINE#         141
  C:2382H         LINE#         142
  C:2395H         LINE#         143
  C:23AAH         LINE#         144
  C:23B1H         LINE#         145
  -------         ENDPROC       TEST_CHINESE
  -------         PROC          TEST_BMP
  C:25F9H         LINE#         155
  C:25F9H         LINE#         156
  C:25F9H         LINE#         157
  C:2610H         LINE#         158
  C:2617H         LINE#         159
  C:262EH         LINE#         160
  C:2635H         LINE#         161
  C:264CH         LINE#         162
  -------         ENDPROC       TEST_BMP
  -------         ENDMOD        TEST

  -------         MODULE        SYS
  C:0000H         SYMBOL        _ICE_DUMMY_
BL51 BANKED LINKER/LOCATER V6.22                                                      08/29/2019  10:18:55  PAGE 13


  C:2863H         PUBLIC        _delay_ms
  -------         PROC          _DELAY_MS
  D:0006H         SYMBOL        count
  -------         DO            
  D:0004H         SYMBOL        i
  -------         ENDDO         
  C:2863H         LINE#         56
  C:2863H         LINE#         57
  C:2863H         LINE#         59
  C:2863H         LINE#         60
  C:2867H         LINE#         61
  C:2870H         LINE#         62
  C:2879H         LINE#         63
  -------         ENDPROC       _DELAY_MS
  -------         ENDMOD        SYS

  -------         MODULE        OLED
  C:0000H         SYMBOL        _ICE_DUMMY_
  B:00B0H.3       PUBLIC        OLED_RST
  D:0090H         PUBLIC        P1
  D:00B0H         PUBLIC        P3
  C:287AH         PUBLIC        OLED_Reset
  C:2197H         PUBLIC        OLED_Init
  B:0090H.3       PUBLIC        OLED_CS
  C:2895H         PUBLIC        _OLED_WR_Byte
  C:2835H         PUBLIC        _OLED_Set_Pos
  C:26FCH         PUBLIC        _OLED_Clear
  C:2891H         SYMBOL        L?0015
  -------         PROC          L?0014
  -------         ENDPROC       L?0014
  C:2891H         SYMBOL        L?0015
  -------         PROC          _OLED_WR_BYTE
  D:0006H         SYMBOL        dat
  D:0004H         SYMBOL        cmd
  C:2895H         LINE#         74
  C:2895H         LINE#         75
  C:2895H         LINE#         76
  C:2897H         LINE#         77
  C:289AH         LINE#         78
  C:289CH         LINE#         79
  -------         ENDPROC       _OLED_WR_BYTE
  -------         PROC          _OLED_SET_POS
  D:001DH         SYMBOL        x
  D:0005H         SYMBOL        y
  C:2835H         LINE#         89
  C:2837H         LINE#         90
  C:2837H         LINE#         91
  C:2844H         LINE#         92
  C:2856H         LINE#         93
  -------         ENDPROC       _OLED_SET_POS
  -------         PROC          _OLED_CLEAR
  D:0006H         SYMBOL        dat
  -------         DO            
  D:0008H         SYMBOL        i
  D:0009H         SYMBOL        n
  D:000AH         SYMBOL        color
  -------         ENDDO         
BL51 BANKED LINKER/LOCATER V6.22                                                      08/29/2019  10:18:55  PAGE 14


  C:26FCH         LINE#         104
  C:26FCH         LINE#         105
  C:26FCH         LINE#         107
  C:2700H         LINE#         108
  C:2700H         LINE#         109
  C:2703H         LINE#         110
  C:2705H         LINE#         112
  C:2705H         LINE#         113
  C:2708H         LINE#         114
  C:2708H         LINE#         115
  C:270BH         LINE#         116
  C:270BH         LINE#         117
  C:2719H         LINE#         118
  C:2721H         LINE#         119
  C:2724H         LINE#         120
  C:2727H         LINE#         121
  C:2727H         LINE#         122
  C:2732H         LINE#         123
  C:273BH         LINE#         124
  C:2744H         LINE#         125
  -------         ENDPROC       _OLED_CLEAR
  -------         PROC          OLED_RESET
  C:287AH         LINE#         135
  C:287AH         LINE#         136
  C:287AH         LINE#         137
  C:287CH         LINE#         138
  C:2883H         LINE#         139
  C:2885H         LINE#         140
  C:288CH         LINE#         141
  C:288EH         LINE#         142
  -------         ENDPROC       OLED_RESET
  -------         PROC          OLED_INIT
  C:2197H         LINE#         151
  C:2197H         LINE#         152
  C:2197H         LINE#         153
  C:219AH         LINE#         154
  C:21A1H         LINE#         155
  C:21A4H         LINE#         158
  C:21A9H         LINE#         159
  C:21B1H         LINE#         160
  C:21B4H         LINE#         161
  C:21BDH         LINE#         162
  C:21C6H         LINE#         163
  C:21CFH         LINE#         164
  C:21D8H         LINE#         165
  C:21E1H         LINE#         166
  C:21EAH         LINE#         167
  C:21F3H         LINE#         168
  C:21FCH         LINE#         169
  C:2205H         LINE#         170
  C:220EH         LINE#         171
  C:2216H         LINE#         172
  C:221FH         LINE#         173
  C:2228H         LINE#         174
  C:2231H         LINE#         175
  C:223AH         LINE#         176
  C:2243H         LINE#         177
BL51 BANKED LINKER/LOCATER V6.22                                                      08/29/2019  10:18:55  PAGE 15


  C:224CH         LINE#         178
  C:2255H         LINE#         179
  C:225EH         LINE#         180
  C:2267H         LINE#         181
  C:2270H         LINE#         182
  -------         ENDPROC       OLED_INIT
  -------         ENDMOD        OLED

  -------         MODULE        SPI
  C:0000H         SYMBOL        _ICE_DUMMY_
  D:00CEH         PUBLIC        SPCTL
  D:00CDH         PUBLIC        SPSTAT
  C:28A9H         PUBLIC        SPI_Init
  C:27C2H         PUBLIC        _SPI_WriteByte
  D:00CFH         PUBLIC        SPDAT
  -------         PROC          SPI_INIT
  C:28A9H         LINE#         56
  C:28A9H         LINE#         57
  C:28A9H         LINE#         58
  C:28ACH         LINE#         59
  -------         ENDPROC       SPI_INIT
  -------         PROC          _SPI_WRITEBYTE
  D:0007H         SYMBOL        byte
  D:0001H         SYMBOL        cmd
  -------         DO            
  D:0005H         SYMBOL        i
  D:0002H         SYMBOL        Data
  -------         ENDDO         
  C:27C2H         LINE#         70
  C:27C4H         LINE#         71
  C:27C4H         LINE#         72
  C:27C5H         LINE#         73
  C:27C5H         LINE#         74
  C:27D7H         LINE#         75
  C:27D9H         LINE#         76
  C:27D9H         LINE#         77
  C:27F1H         LINE#         78
  C:27F6H         LINE#         79
  C:27F9H         LINE#         80
  C:27FBH         LINE#         82
  -------         ENDPROC       _SPI_WRITEBYTE
  -------         ENDMOD        SPI

  -------         MODULE        ?C?CLDPTR
  C:1C3BH         PUBLIC        ?C?CLDPTR
  -------         ENDMOD        ?C?CLDPTR

  -------         MODULE        ?C?CLDOPTR
  C:1C54H         PUBLIC        ?C?CLDOPTR
  -------         ENDMOD        ?C?CLDOPTR

  -------         MODULE        ?C?LMUL
  C:1C81H         PUBLIC        ?C?LMUL
  -------         ENDMOD        ?C?LMUL

  -------         MODULE        ?C?ULDIV
  C:1D0CH         PUBLIC        ?C?ULDIV
BL51 BANKED LINKER/LOCATER V6.22                                                      08/29/2019  10:18:55  PAGE 16


  -------         ENDMOD        ?C?ULDIV

  -------         MODULE        ?C?OFFXADD
  C:1D9EH         PUBLIC        ?C?OFFXADD
  -------         ENDMOD        ?C?OFFXADD

Program Size: data=31.0 xdata=0 code=10413
LINK/LOCATE RUN COMPLETE.  0 WARNING(S),  0 ERROR(S)
