<html>
<body>
<pre>
<h1>µVision Build Log</h1>
<h2>Tool Versions:</h2>
IDE-Version: ¦ÌVision V5.14.0.0
Copyright (C) 2015 ARM Ltd and ARM Germany GmbH. All rights reserved.
License Information: b rj, jlu, LIC=ZB463-A2FMI-X69QZ-JZUL9-YBSKJ-XME6Y
 
Tool Versions:
Toolchain:       MDK-ARM Standard  Version: 5.14.0.0
Toolchain Path:  C:\Keil_v5\ARM\ARMCC\Bin
C Compiler:      Armcc.exe V5.05 update 1 (build 106)
Assembler:       Armasm.exe V5.05 update 1 (build 106)
Linker/Locator:  ArmLink.exe V5.05 update 1 (build 106)
Library Manager: ArmAr.exe V5.05 update 1 (build 106)
Hex Converter:   FromElf.exe V5.05 update 1 (build 106)
CPU DLL:         SARMCM3.DLL V5.14.0.0
Dialog DLL:      DARMSTM.DLL V1.65.0.0
Target DLL:      Segger\JL2CM3.dll V2.99.13.0
Dialog DLL:      TARMSTM.DLL V1.64.0.0
 
<h2>Project:</h2>
C:\Users\admin\Desktop\0.96inch_SPI_OLED_Module_SSD1306_MSP096X_V1.0\1-Demo\Demo_STM32\0.96inch_OLED_Demo_STM32F103ZET6_Hardware_4-wire_SPI\PROJECT\OLED.uvprojx
Project File Date:  08/19/2019

<h2>Output:</h2>
Build target 'OLED'
compiling main.c...
linking...
Program Size: Code=7980 RO-data=4384 RW-data=44 ZI-data=2660  
FromELF: creating hex file...
"..\OBJ\OLED.axf" - 0 Error(s), 0 Warning(s).

<h2>Collection of Component include folders:</h2>
  C:\Users\admin\Desktop\0.96inch_SPI_OLED_Module_SSD1306_MSP096X_V1.0\1-Demo\Demo_STM32\0.96inch_OLED_Demo_STM32F103ZET6_Hardware_4-wire_SPI\PROJECT\RTE
  C:\Keil_v5\ARM\PACK\Keil\STM32F1xx_DFP\1.0.5\Device\Include

<h2>Collection of Component Files used:</h2>
</pre>
</body>
</html>
